// Jest Snapshot v1, https://goo.gl/fbAQLP

exports[`should test ErrorAlert component 1`] = `
<div
  className="container--sm alert-box mt-m"
>
  <div
    className="d-flex align-items-center"
  >
    <Error />
    <label
      className="text-15"
    />
  </div>
</div>
`;
